0
0
0
0
1
232851 
1
305857 
0
0
0
0
0
0
0
0
0
0
0
0
1
89553 
0
0
1
314103 
0
0
0
0
0
8
325340 362492 387932 390428 422942 512439 666947 676187 
6
318732 354140 460382 676511 724127 725987 
0
0
0
0
0
1
65092 
0
13
149784 180580 197128 199432 211396 213956 234754 237158 250066 366589 368219 370189 377677 
0
0
0
0
0
0
0
3
201398 292001 294113 
0
0
0
3
424846 634951 637271 
0
0
2
251018 376529 
0
1
599007 
0
0
9
194952 238216 308674 319426 392515 406195 463049 479257 484553 
0
0
0
1
41177 
1
543139 
0
0
2
143050 177442 
1
826663 
0
0
0
0
0
0
0
0
0
1
770503 
0
0
2
264501 382069 
0
2
433701 481917 
0
1
547727 
0
0
0
0
1
440683 
0
0
1
636919 
0
0
0
1
26569 
0
0
